🎭 Starting component verification...
🎭 Starting component verification...
✅ 0 components verified without fixes
Updating Convex task status to completed
✅ Verification completed!

=== Pipeline Summary ===
Total Components: 1010
Completed: 0
Successful: 0
Failed: 0
====================

Error verifying EventTypeAppCard-1a57e4ec: Failed after 3 attempts: Executable doesn't exist at /Users/nimcheema/Library/Caches/ms-playwright/chromium_headless_shell-1155/chrome-mac/headless_shell
╔═════════════════════════════════════════════════════════════════════════╗
║ Looks like Playwright Test or Playwright was just installed or updated. ║
║ Please run the following command to download new browsers:              ║
║                                                                         ║
║     npx playwright install                                              ║
║                                                                         ║
║ <3 Playwright Team                                                      ║
╚═════════════════════════════════════════════════════════════════════════╝
Error verifying EventTypeAppSettingsInterface-bc947c42: Failed after 3 attempts: Executable doesn't exist at /Users/nimcheema/Library/Caches/ms-playwright/chromium_headless_shell-1155/chrome-mac/headless_shell
╔═════════════════════════════════════════════════════════════════════════╗
║ Looks like Playwright Test or Playwright was just installed or updated. ║
║ Please run the following command to download new browsers:              ║
║                                                                         ║
║     npx playwright install                                              ║
║                                                                         ║
║ <3 Playwright Team                                                      ║
╚═════════════════════════════════════════════════════════════════════════╝
Error verifying EventTypeAppCard-c005b11d: Failed after 3 attempts: Executable doesn't exist at /Users/nimcheema/Library/Caches/ms-playwright/chromium_headless_shell-1155/chrome-mac/headless_shell
╔═════════════════════════════════════════════════════════════════════════╗
║ Looks like Playwright Test or Playwright was just installed or updated. ║
║ Please run the following command to download new browsers:              ║
║                                                                         ║
║     npx playwright install                                              ║
║                                                                         ║
║ <3 Playwright Team                                                      ║
╚═════════════════════════════════════════════════════════════════════════╝
Error verifying EventTypeAppCard-9e1b9be7: Failed after 3 attempts: Executable doesn't exist at /Users/nimcheema/Library/Caches/ms-playwright/chromium_headless_shell-1155/chrome-mac/headless_shell
╔═════════════════════════════════════════════════════════════════════════╗
║ Looks like Playwright Test or Playwright was just installed or updated. ║
║ Please run the following command to download new browsers:              ║
║                                                                         ║
║     npx playwright install                                              ║
║                                                                         ║
║ <3 Playwright Team                                                      ║
╚═════════════════════════════════════════════════════════════════════════╝
Error verifying EventTypeAppCard-7794b0fb: Failed after 3 attempts: Executable doesn't exist at /Users/nimcheema/Library/Caches/ms-playwright/chromium_headless_shell-1155/chrome-mac/headless_shell
╔═════════════════════════════════════════════════════════════════════════╗
║ Looks like Playwright Test or Playwright was just installed or updated. ║
║ Please run the following command to download new browsers:              ║
║                                                                         ║
║     npx playwright install                                              ║
║                                                                         ║
║ <3 Playwright Team                                                      ║
╚═════════════════════════════════════════════════════════════════════════╝
Error verifying EventTypeAppCard-bde52ee6: Failed after 3 attempts: Executable doesn't exist at /Users/nimcheema/Library/Caches/ms-playwright/chromium_headless_shell-1155/chrome-mac/headless_shell
╔═════════════════════════════════════════════════════════════════════════╗
║ Looks like Playwright Test or Playwright was just installed or updated. ║
║ Please run the following command to download new browsers:              ║
║                                                                         ║
║     npx playwright install                                              ║
║                                                                         ║
║ <3 Playwright Team                                                      ║
╚═════════════════════════════════════════════════════════════════════════╝
Error verifying EventTypeAppCard-1645e38a: Failed after 3 attempts: Executable doesn't exist at /Users/nimcheema/Library/Caches/ms-playwright/chromium_headless_shell-1155/chrome-mac/headless_shell
╔═════════════════════════════════════════════════════════════════════════╗
║ Looks like Playwright Test or Playwright was just installed or updated. ║
║ Please run the following command to download new browsers:              ║
║                                                                         ║
║     npx playwright install                                              ║
║                                                                         ║
║ <3 Playwright Team                                                      ║
╚═════════════════════════════════════════════════════════════════════════╝
Error verifying EventTypeAppCard-3af9b7b6: Failed after 3 attempts: Executable doesn't exist at /Users/nimcheema/Library/Caches/ms-playwright/chromium_headless_shell-1155/chrome-mac/headless_shell
╔═════════════════════════════════════════════════════════════════════════╗
║ Looks like Playwright Test or Playwright was just installed or updated. ║
║ Please run the following command to download new browsers:              ║
║                                                                         ║
║     npx playwright install                                              ║
║                                                                         ║
║ <3 Playwright Team                                                      ║
╚═════════════════════════════════════════════════════════════════════════╝
Error verifying EventTypeAppCard-c2fd3d4e: Failed after 3 attempts: Executable doesn't exist at /Users/nimcheema/Library/Caches/ms-playwright/chromium_headless_shell-1155/chrome-mac/headless_shell
╔═════════════════════════════════════════════════════════════════════════╗
║ Looks like Playwright Test or Playwright was just installed or updated. ║
║ Please run the following command to download new browsers:              ║
║                                                                         ║
║     npx playwright install                                              ║
║                                                                         ║
║ <3 Playwright Team                                                      ║
╚═════════════════════════════════════════════════════════════════════════╝
Error verifying EventTypeAppCard-151eed06: Failed after 3 attempts: Executable doesn't exist at /Users/nimcheema/Library/Caches/ms-playwright/chromium_headless_shell-1155/chrome-mac/headless_shell
╔═════════════════════════════════════════════════════════════════════════╗
║ Looks like Playwright Test or Playwright was just installed or updated. ║
║ Please run the following command to download new browsers:              ║
║                                                                         ║
║     npx playwright install                                              ║
║                                                                         ║
║ <3 Playwright Team                                                      ║
╚═════════════════════════════════════════════════════════════════════════╝
Verification progress: 0% (1/1010)
Verification progress: 0% (2/1010)
Verification progress: 0% (3/1010)
Verification progress: 0% (4/1010)
Verification progress: 0% (5/1010)
Verification progress: 1% (6/1010)
Verification progress: 1% (7/1010)
Verification progress: 1% (8/1010)
Verification progress: 1% (9/1010)
Verification progress: 1% (10/1010)
Error verifying AllApps-f4e44dbe: Failed after 3 attempts: Executable doesn't exist at /Users/nimcheema/Library/Caches/ms-playwright/chromium_headless_shell-1155/chrome-mac/headless_shell
╔═════════════════════════════════════════════════════════════════════════╗
║ Looks like Playwright Test or Playwright was just installed or updated. ║
║ Please run the following command to download new browsers:              ║
║                                                                         ║
║     npx playwright install                                              ║
║                                                                         ║
║ <3 Playwright Team                                                      ║
╚═════════════════════════════════════════════════════════════════════════╝
Error verifying Skeleton-9bc6b401: Failed after 3 attempts: Executable doesn't exist at /Users/nimcheema/Library/Caches/ms-playwright/chromium_headless_shell-1155/chrome-mac/headless_shell
╔═════════════════════════════════════════════════════════════════════════╗
║ Looks like Playwright Test or Playwright was just installed or updated. ║
║ Please run the following command to download new browsers:              ║
║                                                                         ║
║     npx playwright install                                              ║
║                                                                         ║
║ <3 Playwright Team                                                      ║
╚═════════════════════════════════════════════════════════════════════════╝
Error verifying AppConfiguration-798fb503: Failed after 3 attempts: Executable doesn't exist at /Users/nimcheema/Library/Caches/ms-playwright/chromium_headless_shell-1155/chrome-mac/headless_shell
╔═════════════════════════════════════════════════════════════════════════╗
║ Looks like Playwright Test or Playwright was just installed or updated. ║
║ Please run the following command to download new browsers:              ║
║                                                                         ║
║     npx playwright install                                              ║
║                                                                         ║
║ <3 Playwright Team                                                      ║
╚═════════════════════════════════════════════════════════════════════════╝
Error verifying InstallAppButton-a5b04c94: Failed after 3 attempts: Executable doesn't exist at /Users/nimcheema/Library/Caches/ms-playwright/chromium_headless_shell-1155/chrome-mac/headless_shell
╔═════════════════════════════════════════════════════════════════════════╗
║ Looks like Playwright Test or Playwright was just installed or updated. ║
║ Please run the following command to download new browsers:              ║
║                                                                         ║
║     npx playwright install                                              ║
║                                                                         ║
║ <3 Playwright Team                                                      ║
╚═════════════════════════════════════════════════════════════════════════╝
Verification progress: 1% (11/1010)
Verification progress: 1% (12/1010)
Verification progress: 1% (13/1010)
Error verifying SkeletonAvatar-9bc6b401: Failed after 3 attempts: Executable doesn't exist at /Users/nimcheema/Library/Caches/ms-playwright/chromium_headless_shell-1155/chrome-mac/headless_shell
╔═════════════════════════════════════════════════════════════════════════╗
║ Looks like Playwright Test or Playwright was just installed or updated. ║
║ Please run the following command to download new browsers:              ║
║                                                                         ║
║     npx playwright install                                              ║
║                                                                         ║
║ <3 Playwright Team                                                      ║
╚═════════════════════════════════════════════════════════════════════════╝
Error verifying InstallAppButtonWithoutPlanCheck-a5b04c94: Failed after 3 attempts: Executable doesn't exist at /Users/nimcheema/Library/Caches/ms-playwright/chromium_headless_shell-1155/chrome-mac/headless_shell
╔═════════════════════════════════════════════════════════════════════════╗
║ Looks like Playwright Test or Playwright was just installed or updated. ║
║ Please run the following command to download new browsers:              ║
║                                                                         ║
║     npx playwright install                                              ║
║                                                                         ║
║ <3 Playwright Team                                                      ║
╚═════════════════════════════════════════════════════════════════════════╝
Error verifying useShouldShowArrows-f4e44dbe: Failed after 3 attempts: Executable doesn't exist at /Users/nimcheema/Library/Caches/ms-playwright/chromium_headless_shell-1155/chrome-mac/headless_shell
╔═════════════════════════════════════════════════════════════════════════╗
║ Looks like Playwright Test or Playwright was just installed or updated. ║
║ Please run the following command to download new browsers:              ║
║                                                                         ║
║     npx playwright install                                              ║
║                                                                         ║
║ <3 Playwright Team                                                      ║
╚═════════════════════════════════════════════════════════════════════════╝
Error verifying AppConfiguration-1893fa49: Failed after 3 attempts: Executable doesn't exist at /Users/nimcheema/Library/Caches/ms-playwright/chromium_headless_shell-1155/chrome-mac/headless_shell
╔═════════════════════════════════════════════════════════════════════════╗
║ Looks like Playwright Test or Playwright was just installed or updated. ║
║ Please run the following command to download new browsers:              ║
║                                                                         ║
║     npx playwright install                                              ║
║                                                                         ║
║ <3 Playwright Team                                                      ║
╚═════════════════════════════════════════════════════════════════════════╝
Error verifying AppCard-fa80d75d: Failed after 3 attempts: Executable doesn't exist at /Users/nimcheema/Library/Caches/ms-playwright/chromium_headless_shell-1155/chrome-mac/headless_shell
╔═════════════════════════════════════════════════════════════════════════╗
║ Looks like Playwright Test or Playwright was just installed or updated. ║
║ Please run the following command to download new browsers:              ║
║                                                                         ║
║     npx playwright install                                              ║
║                                                                         ║
║ <3 Playwright Team                                                      ║
╚═════════════════════════════════════════════════════════════════════════╝
Error verifying AppDependencyComponent-a5b04c94: Failed after 3 attempts: Executable doesn't exist at /Users/nimcheema/Library/Caches/ms-playwright/chromium_headless_shell-1155/chrome-mac/headless_shell
╔═════════════════════════════════════════════════════════════════════════╗
║ Looks like Playwright Test or Playwright was just installed or updated. ║
║ Please run the following command to download new browsers:              ║
║                                                                         ║
║     npx playwright install                                              ║
║                                                                         ║
║ <3 Playwright Team                                                      ║
╚═════════════════════════════════════════════════════════════════════════╝
Verification progress: 1% (14/1010)
Verification progress: 1% (15/1010)
Verification progress: 2% (16/1010)
Verification progress: 2% (17/1010)
Verification progress: 2% (18/1010)
Verification progress: 2% (19/1010)
Verification progress: 2% (20/1010)
Error verifying SkeletonText-9bc6b401: Failed after 3 attempts: Executable doesn't exist at /Users/nimcheema/Library/Caches/ms-playwright/chromium_headless_shell-1155/chrome-mac/headless_shell
╔═════════════════════════════════════════════════════════════════════════╗
║ Looks like Playwright Test or Playwright was just installed or updated. ║
║ Please run the following command to download new browsers:              ║
║                                                                         ║
║     npx playwright install                                              ║
║                                                                         ║
║ <3 Playwright Team                                                      ║
╚═════════════════════════════════════════════════════════════════════════╝
Verification progress: 2% (21/1010)
Error verifying SkeletonButton-9bc6b401: Failed after 3 attempts: Executable doesn't exist at /Users/nimcheema/Library/Caches/ms-playwright/chromium_headless_shell-1155/chrome-mac/headless_shell
╔═════════════════════════════════════════════════════════════════════════╗
║ Looks like Playwright Test or Playwright was just installed or updated. ║
║ Please run the following command to download new browsers:              ║
║                                                                         ║
║     npx playwright install                                              ║
║                                                                         ║
║ <3 Playwright Team                                                      ║
╚═════════════════════════════════════════════════════════════════════════╝
Error verifying ShellSubHeading-f1bee9b8: Failed after 3 attempts: Executable doesn't exist at /Users/nimcheema/Library/Caches/ms-playwright/chromium_headless_shell-1155/chrome-mac/headless_shell
╔═════════════════════════════════════════════════════════════════════════╗
║ Looks like Playwright Test or Playwright was just installed or updated. ║
║ Please run the following command to download new browsers:              ║
║                                                                         ║
║     npx playwright install                                              ║
║                                                                         ║
║ <3 Playwright Team                                                      ║
╚═════════════════════════════════════════════════════════════════════════╝
Error verifying Loader-1e50c0b0: Failed after 3 attempts: Executable doesn't exist at /Users/nimcheema/Library/Caches/ms-playwright/chromium_headless_shell-1155/chrome-mac/headless_shell
╔═════════════════════════════════════════════════════════════════════════╗
║ Looks like Playwright Test or Playwright was just installed or updated. ║
║ Please run the following command to download new browsers:              ║
║                                                                         ║
║     npx playwright install                                              ║
║                                                                         ║
║ <3 Playwright Team                                                      ║
╚═════════════════════════════════════════════════════════════════════════╝
Error verifying SkeletonContainer-9bc6b401: Failed after 3 attempts: Executable doesn't exist at /Users/nimcheema/Library/Caches/ms-playwright/chromium_headless_shell-1155/chrome-mac/headless_shell
╔═════════════════════════════════════════════════════════════════════════╗
║ Looks like Playwright Test or Playwright was just installed or updated. ║
║ Please run the following command to download new browsers:              ║
║                                                                         ║
║     npx playwright install                                              ║
║                                                                         ║
║ <3 Playwright Team                                                      ║
╚═════════════════════════════════════════════════════════════════════════╝
Error verifying Slider-f99c600e: Failed after 3 attempts: Executable doesn't exist at /Users/nimcheema/Library/Caches/ms-playwright/chromium_headless_shell-1155/chrome-mac/headless_shell
╔═════════════════════════════════════════════════════════════════════════╗
║ Looks like Playwright Test or Playwright was just installed or updated. ║
║ Please run the following command to download new browsers:              ║
║                                                                         ║
║     npx playwright install                                              ║
║                                                                         ║
║ <3 Playwright Team                                                      ║
╚═════════════════════════════════════════════════════════════════════════╝
Error verifying SkeletonLoader-64e54060: Failed after 3 attempts: Executable doesn't exist at /Users/nimcheema/Library/Caches/ms-playwright/chromium_headless_shell-1155/chrome-mac/headless_shell
╔═════════════════════════════════════════════════════════════════════════╗
║ Looks like Playwright Test or Playwright was just installed or updated. ║
║ Please run the following command to download new browsers:              ║
║                                                                         ║
║     npx playwright install                                              ║
║                                                                         ║
║ <3 Playwright Team                                                      ║
╚═════════════════════════════════════════════════════════════════════════╝
Error verifying MetaProvider-80e7bf29: Failed after 3 attempts: Executable doesn't exist at /Users/nimcheema/Library/Caches/ms-playwright/chromium_headless_shell-1155/chrome-mac/headless_shell
╔═════════════════════════════════════════════════════════════════════════╗
║ Looks like Playwright Test or Playwright was just installed or updated. ║
║ Please run the following command to download new browsers:              ║
║                                                                         ║
║     npx playwright install                                              ║
║                                                                         ║
║ <3 Playwright Team                                                      ║
╚═════════════════════════════════════════════════════════════════════════╝
Error verifying SelectSkeletonLoader-9bc6b401: Failed after 3 attempts: Executable doesn't exist at /Users/nimcheema/Library/Caches/ms-playwright/chromium_headless_shell-1155/chrome-mac/headless_shell
╔═════════════════════════════════════════════════════════════════════════╗
║ Looks like Playwright Test or Playwright was just installed or updated. ║
║ Please run the following command to download new browsers:              ║
║                                                                         ║
║     npx playwright install                                              ║
║                                                                         ║
║ <3 Playwright Team                                                      ║
╚═════════════════════════════════════════════════════════════════════════╝
Error verifying Meta-80e7bf29: Failed after 3 attempts: Executable doesn't exist at /Users/nimcheema/Library/Caches/ms-playwright/chromium_headless_shell-1155/chrome-mac/headless_shell
╔═════════════════════════════════════════════════════════════════════════╗
║ Looks like Playwright Test or Playwright was just installed or updated. ║
║ Please run the following command to download new browsers:              ║
║                                                                         ║
║     npx playwright install                                              ║
║                                                                         ║
║ <3 Playwright Team                                                      ║
╚═════════════════════════════════════════════════════════════════════════╝
Verification progress: 2% (22/1010)
Verification progress: 2% (23/1010)
Verification progress: 2% (24/1010)
Verification progress: 2% (25/1010)
Verification progress: 3% (26/1010)
Verification progress: 3% (27/1010)
Verification progress: 3% (28/1010)
Verification progress: 3% (29/1010)
Verification progress: 3% (30/1010)
Received SIGINT signal, shutting down...
Error verifying PopularAppsSlider-93668114: Failed after 3 attempts: Executable doesn't exist at /Users/nimcheema/Library/Caches/ms-playwright/chromium_headless_shell-1155/chrome-mac/headless_shell
╔═════════════════════════════════════════════════════════════════════════╗
║ Looks like Playwright Test or Playwright was just installed or updated. ║
║ Please run the following command to download new browsers:              ║
║                                                                         ║
║     npx playwright install                                              ║
║                                                                         ║
║ <3 Playwright Team                                                      ║
╚═════════════════════════════════════════════════════════════════════════╝
Verification progress: 3% (31/1010)
Error verifying RecentAppsSlider-bd1146f3: Failed after 3 attempts: Executable doesn't exist at /Users/nimcheema/Library/Caches/ms-playwright/chromium_headless_shell-1155/chrome-mac/headless_shell
╔═════════════════════════════════════════════════════════════════════════╗
║ Looks like Playwright Test or Playwright was just installed or updated. ║
║ Please run the following command to download new browsers:              ║
║                                                                         ║
║     npx playwright install                                              ║
║                                                                         ║
║ <3 Playwright Team                                                      ║
╚═════════════════════════════════════════════════════════════════════════╝
Error verifying AppStoreCategories-4be09033: Failed after 3 attempts: Executable doesn't exist at /Users/nimcheema/Library/Caches/ms-playwright/chromium_headless_shell-1155/chrome-mac/headless_shell
╔═════════════════════════════════════════════════════════════════════════╗
║ Looks like Playwright Test or Playwright was just installed or updated. ║
║ Please run the following command to download new browsers:              ║
║                                                                         ║
║     npx playwright install                                              ║
║                                                                         ║
║ <3 Playwright Team                                                      ║
╚═════════════════════════════════════════════════════════════════════════╝
Error verifying TopBanner-4bd2c8f7: Failed after 3 attempts: Executable doesn't exist at /Users/nimcheema/Library/Caches/ms-playwright/chromium_headless_shell-1155/chrome-mac/headless_shell
╔═════════════════════════════════════════════════════════════════════════╗
║ Looks like Playwright Test or Playwright was just installed or updated. ║
║ Please run the following command to download new browsers:              ║
║                                                                         ║
║     npx playwright install                                              ║
║                                                                         ║
║ <3 Playwright Team                                                      ║
╚═════════════════════════════════════════════════════════════════════════╝
Error verifying Dropdown-1e023307: Failed after 3 attempts: Executable doesn't exist at /Users/nimcheema/Library/Caches/ms-playwright/chromium_headless_shell-1155/chrome-mac/headless_shell
╔═════════════════════════════════════════════════════════════════════════╗
║ Looks like Playwright Test or Playwright was just installed or updated. ║
║ Please run the following command to download new browsers:              ║
║                                                                         ║
║     npx playwright install                                              ║
║                                                                         ║
║ <3 Playwright Team                                                      ║
╚═════════════════════════════════════════════════════════════════════════╝
Error verifying PopoverContent-497a550c: Failed after 3 attempts: Executable doesn't exist at /Users/nimcheema/Library/Caches/ms-playwright/chromium_headless_shell-1155/chrome-mac/headless_shell
╔═════════════════════════════════════════════════════════════════════════╗
║ Looks like Playwright Test or Playwright was just installed or updated. ║
║ Please run the following command to download new browsers:              ║
║                                                                         ║
║     npx playwright install                                              ║
║                                                                         ║
║ <3 Playwright Team                                                      ║
╚═════════════════════════════════════════════════════════════════════════╝
Error verifying PopoverTrigger-497a550c: Failed after 3 attempts: Executable doesn't exist at /Users/nimcheema/Library/Caches/ms-playwright/chromium_headless_shell-1155/chrome-mac/headless_shell
╔═════════════════════════════════════════════════════════════════════════╗
║ Looks like Playwright Test or Playwright was just installed or updated. ║
║ Please run the following command to download new browsers:              ║
║                                                                         ║
║     npx playwright install                                              ║
║                                                                         ║
║ <3 Playwright Team                                                      ║
╚═════════════════════════════════════════════════════════════════════════╝
Error verifying MeetingTimeInTimezones-125e0652: Failed after 3 attempts: Executable doesn't exist at /Users/nimcheema/Library/Caches/ms-playwright/chromium_headless_shell-1155/chrome-mac/headless_shell
╔═════════════════════════════════════════════════════════════════════════╗
║ Looks like Playwright Test or Playwright was just installed or updated. ║
║ Please run the following command to download new browsers:              ║
║                                                                         ║
║     npx playwright install                                              ║
║                                                                         ║
║ <3 Playwright Team                                                      ║
╚═════════════════════════════════════════════════════════════════════════╝
Error verifying Popover-497a550c: Failed after 3 attempts: Executable doesn't exist at /Users/nimcheema/Library/Caches/ms-playwright/chromium_headless_shell-1155/chrome-mac/headless_shell
╔═════════════════════════════════════════════════════════════════════════╗
║ Looks like Playwright Test or Playwright was just installed or updated. ║
║ Please run the following command to download new browsers:              ║
║                                                                         ║
║     npx playwright install                                              ║
║                                                                         ║
║ <3 Playwright Team                                                      ║
╚═════════════════════════════════════════════════════════════════════════╝
Error verifying AnimatedPopover-9cfea3e0: Failed after 3 attempts: Executable doesn't exist at /Users/nimcheema/Library/Caches/ms-playwright/chromium_headless_shell-1155/chrome-mac/headless_shell
╔═════════════════════════════════════════════════════════════════════════╗
║ Looks like Playwright Test or Playwright was just installed or updated. ║
║ Please run the following command to download new browsers:              ║
║                                                                         ║
║     npx playwright install                                              ║
║                                                                         ║
║ <3 Playwright Team                                                      ║
╚═════════════════════════════════════════════════════════════════════════╝
Verification progress: 3% (32/1010)
Verification progress: 3% (33/1010)
Verification progress: 3% (34/1010)
Verification progress: 3% (35/1010)
Verification progress: 4% (36/1010)
Verification progress: 4% (37/1010)
Verification progress: 4% (38/1010)
Verification progress: 4% (39/1010)
Verification progress: 4% (40/1010)
Error verifying DropdownMenuTrigger-1e023307: Failed after 3 attempts: Executable doesn't exist at /Users/nimcheema/Library/Caches/ms-playwright/chromium_headless_shell-1155/chrome-mac/headless_shell
╔═════════════════════════════════════════════════════════════════════════╗
║ Looks like Playwright Test or Playwright was just installed or updated. ║
║ Please run the following command to download new browsers:              ║
║                                                                         ║
║     npx playwright install                                              ║
║                                                                         ║
║ <3 Playwright Team                                                      ║
╚═════════════════════════════════════════════════════════════════════════╝
Verification progress: 4% (41/1010)
Error verifying DropdownMenuLabel-1e023307: Failed after 3 attempts: Executable doesn't exist at /Users/nimcheema/Library/Caches/ms-playwright/chromium_headless_shell-1155/chrome-mac/headless_shell
╔═════════════════════════════════════════════════════════════════════════╗
║ Looks like Playwright Test or Playwright was just installed or updated. ║
║ Please run the following command to download new browsers:              ║
║                                                                         ║
║     npx playwright install                                              ║
║                                                                         ║
║ <3 Playwright Team                                                      ║
╚═════════════════════════════════════════════════════════════════════════╝
Error verifying DropdownMenuTriggerItem-1e023307: Failed after 3 attempts: Executable doesn't exist at /Users/nimcheema/Library/Caches/ms-playwright/chromium_headless_shell-1155/chrome-mac/headless_shell
╔═════════════════════════════════════════════════════════════════════════╗
║ Looks like Playwright Test or Playwright was just installed or updated. ║
║ Please run the following command to download new browsers:              ║
║                                                                         ║
║     npx playwright install                                              ║
║                                                                         ║
║ <3 Playwright Team                                                      ║
╚═════════════════════════════════════════════════════════════════════════╝
Error verifying DropdownMenuContent-1e023307: Failed after 3 attempts: Executable doesn't exist at /Users/nimcheema/Library/Caches/ms-playwright/chromium_headless_shell-1155/chrome-mac/headless_shell
╔═════════════════════════════════════════════════════════════════════════╗
║ Looks like Playwright Test or Playwright was just installed or updated. ║
║ Please run the following command to download new browsers:              ║
║                                                                         ║
║     npx playwright install                                              ║
║                                                                         ║
║ <3 Playwright Team                                                      ║
╚═════════════════════════════════════════════════════════════════════════╝
Error verifying DropdownMenuPortal-1e023307: Failed after 3 attempts: Executable doesn't exist at /Users/nimcheema/Library/Caches/ms-playwright/chromium_headless_shell-1155/chrome-mac/headless_shell
╔═════════════════════════════════════════════════════════════════════════╗
║ Looks like Playwright Test or Playwright was just installed or updated. ║
║ Please run the following command to download new browsers:              ║
║                                                                         ║
║     npx playwright install                                              ║
║                                                                         ║
║ <3 Playwright Team                                                      ║
╚═════════════════════════════════════════════════════════════════════════╝
Error verifying DropdownMenuItem-1e023307: Failed after 3 attempts: Executable doesn't exist at /Users/nimcheema/Library/Caches/ms-playwright/chromium_headless_shell-1155/chrome-mac/headless_shell
╔═════════════════════════════════════════════════════════════════════════╗
║ Looks like Playwright Test or Playwright was just installed or updated. ║
║ Please run the following command to download new browsers:              ║
║                                                                         ║
║     npx playwright install                                              ║
║                                                                         ║
║ <3 Playwright Team                                                      ║
╚═════════════════════════════════════════════════════════════════════════╝
Error verifying DropdownMenuGroup-1e023307: Failed after 3 attempts: Executable doesn't exist at /Users/nimcheema/Library/Caches/ms-playwright/chromium_headless_shell-1155/chrome-mac/headless_shell
╔═════════════════════════════════════════════════════════════════════════╗
║ Looks like Playwright Test or Playwright was just installed or updated. ║
║ Please run the following command to download new browsers:              ║
║                                                                         ║
║     npx playwright install                                              ║
║                                                                         ║
║ <3 Playwright Team                                                      ║
╚═════════════════════════════════════════════════════════════════════════╝
Verification progress: 4% (42/1010)
Verification progress: 4% (43/1010)
Verification progress: 4% (44/1010)
Verification progress: 4% (45/1010)
Verification progress: 5% (46/1010)
Error verifying DropdownMenuCheckboxItem-1e023307: Failed after 3 attempts: Executable doesn't exist at /Users/nimcheema/Library/Caches/ms-playwright/chromium_headless_shell-1155/chrome-mac/headless_shell
╔═════════════════════════════════════════════════════════════════════════╗
║ Looks like Playwright Test or Playwright was just installed or updated. ║
║ Please run the following command to download new browsers:              ║
║                                                                         ║
║     npx playwright install                                              ║
║                                                                         ║
║ <3 Playwright Team                                                      ║
╚═════════════════════════════════════════════════════════════════════════╝
Error verifying DropdownMenuRadioGroup-1e023307: Failed after 3 attempts: Executable doesn't exist at /Users/nimcheema/Library/Caches/ms-playwright/chromium_headless_shell-1155/chrome-mac/headless_shell
╔═════════════════════════════════════════════════════════════════════════╗
║ Looks like Playwright Test or Playwright was just installed or updated. ║
║ Please run the following command to download new browsers:              ║
║                                                                         ║
║     npx playwright install                                              ║
║                                                                         ║
║ <3 Playwright Team                                                      ║
╚═════════════════════════════════════════════════════════════════════════╝
Error verifying DropdownMenuRadioItem-1e023307: Failed after 3 attempts: Executable doesn't exist at /Users/nimcheema/Library/Caches/ms-playwright/chromium_headless_shell-1155/chrome-mac/headless_shell
╔═════════════════════════════════════════════════════════════════════════╗
║ Looks like Playwright Test or Playwright was just installed or updated. ║
║ Please run the following command to download new browsers:              ║
║                                                                         ║
║     npx playwright install                                              ║
║                                                                         ║
║ <3 Playwright Team                                                      ║
╚═════════════════════════════════════════════════════════════════════════╝
Verification progress: 5% (47/1010)
Verification progress: 5% (48/1010)
Verification progress: 5% (49/1010)
Verification progress: 5% (50/1010)
